docker : #0 building with "desktop-linux" instance using docker driver
    + CategoryInfo          : NotSpecified: (#0 building wit...g docker driver:String) [], RemoteException
    + FullyQualifiedErrorId : NativeCommandError
 

#1 [internal] load build definition from Dockerfile
#1 transferring dockerfile: 1.77kB 0.0s done
#1 DONE 0.0s

#2 [internal] load metadata for docker.io/library/nginx:alpine
#2 DONE 0.8s

#3 [internal] load metadata for docker.io/library/node:20-alpine
#3 DONE 0.8s

#4 [stage-1 1/3] FROM docker.io/library/nginx:alpine@sha256:db35bfc6b2951e7f8a72db5db120288c127ffaeeb4a6d4b95a26fead017
d5913
#4 DONE 0.0s

#5 [builder 1/6] FROM docker.io/library/node:20-alpine@sha256:fb4cd12c85ee03686f6af5362a0b0d56d50c58a04632e6c0fb8363f60
9372293
#5 DONE 0.0s

#6 [builder 2/6] WORKDIR /app
#6 CACHED

#7 [internal] load .dockerignore
#7 transferring context: 116B done
#7 DONE 0.0s

#8 [internal] load build context
#8 transferring context: 31.65MB 1.6s done
#8 DONE 1.6s

#9 [builder 3/6] COPY package.json package-lock.json ./
#9 DONE 0.1s

#10 [builder 4/6] RUN npm install --legacy-peer-deps
#10 5.208 npm warn deprecated w3c-hr-time@1.0.2: Use your platform's native performance.now() and performance.timeOrigi
n.
#10 5.678 npm warn deprecated stable@0.1.8: Modern JS already guarantees Array#sort() is a stable sort, so this library
 is deprecated. See the compatibility table on MDN: https://developer.mozilla.org/en-US/docs/Web/JavaScript/Reference/G
lobal_Objects/Array/sort#browser_compatibility
#10 5.738 npm warn deprecated sourcemap-codec@1.4.8: Please use @jridgewell/sourcemap-codec instead
#10 5.873 npm warn deprecated rollup-plugin-terser@7.0.2: This package has been deprecated and is no longer maintained.
 Please use @rollup/plugin-terser
#10 6.306 npm warn deprecated workbox-cacheable-response@6.6.0: workbox-background-sync@6.6.0
#10 6.586 npm warn deprecated workbox-google-analytics@6.6.0: It is not compatible with newer versions of GA starting w
ith v4, as long as you are using GAv3 it should be ok, but the package is not longer being maintained
#10 8.481 npm warn deprecated domexception@2.0.1: Use your platform's native DOMException instead
#10 9.050 npm warn deprecated abab@2.0.6: Use your platform's native atob() and btoa() methods instead
#10 9.118 npm warn deprecated svgo@1.3.2: This SVGO version is no longer supported. Upgrade to v2.x.x.
#10 13.88 npm warn deprecated @babel/plugin-proposal-optional-chaining@7.21.0: This proposal has been merged to the ECM
AScript standard and thus this plugin is no longer maintained. Please use @babel/plugin-transform-optional-chaining ins
tead.
#10 14.09 npm warn deprecated @babel/plugin-proposal-private-methods@7.18.6: This proposal has been merged to the ECMAS
cript standard and thus this plugin is no longer maintained. Please use @babel/plugin-transform-private-methods instead
.
#10 14.09 npm warn deprecated @babel/plugin-proposal-numeric-separator@7.18.6: This proposal has been merged to the ECM
AScript standard and thus this plugin is no longer maintained. Please use @babel/plugin-transform-numeric-separator ins
tead.
#10 14.11 npm warn deprecated @babel/plugin-proposal-nullish-coalescing-operator@7.18.6: This proposal has been merged 
to the ECMAScript standard and thus this plugin is no longer maintained. Please use @babel/plugin-transform-nullish-coa
lescing-operator instead.
#10 14.14 npm warn deprecated @babel/plugin-proposal-class-properties@7.18.6: This proposal has been merged to the ECMA
Script standard and thus this plugin is no longer maintained. Please use @babel/plugin-transform-class-properties inste
ad.
