#0 building with "desktop-linux" instance using docker driver

#1 [internal] load build definition from Dockerfile
#1 transferring dockerfile: 366B 0.0s done
#1 DONE 0.0s

#2 [internal] load metadata for docker.io/library/nginx:alpine
#2 DONE 0.9s

#3 [internal] load .dockerignore
#3 transferring context: 116B done
#3 DONE 0.0s

#4 [1/3] FROM docker.io/library/nginx:alpine@sha256:db35bfc6b2951e7f8a72db5db120288c127ffaeeb4a6d4b95a26fead017d5913
#4 DONE 0.0s

#5 [internal] load build context
#5 transferring context: 32B 0.0s done
#5 DONE 0.1s

#6 [2/3] COPY build /usr/share/nginx/html
#6 ERROR: failed to calculate checksum of ref e33f23da-4407-4341-b2d5-af413f1df15d::k4pjfm3k03k8bxq3ys94et4xh: "/build": not found
------
 > [2/3] COPY build /usr/share/nginx/html:
------

 [33m1 warning found (use docker --debug to expand):
[0m - CopyIgnoredFile: Attempting to Copy file "build" that is excluded by .dockerignore (line 7)
Dockerfile:7
--------------------
   5 |     
   6 |     # Copy the pre-built React app
   7 | >>> COPY build /usr/share/nginx/html
   8 |     
   9 |     # Copy custom nginx config
--------------------
ERROR: failed to build: failed to solve: failed to compute cache key: failed to calculate checksum of ref e33f23da-4407-4341-b2d5-af413f1df15d::k4pjfm3k03k8bxq3ys94et4xh: "/build": not found

View build details: docker-desktop://dashboard/build/desktop-linux/desktop-linux/poy38qlcnrnq0k9wryhs5bjoo
