#0 building with "desktop-linux" instance using docker driver

#1 [internal] load build definition from Dockerfile
#1 transferring dockerfile: 366B 0.0s done
#1 DONE 0.0s

#2 [internal] load metadata for docker.io/library/nginx:alpine
#2 DONE 0.8s

#3 [internal] load .dockerignore
#3 transferring context: 109B done
#3 DONE 0.0s

#4 [1/3] FROM docker.io/library/nginx:alpine@sha256:db35bfc6b2951e7f8a72db5db120288c127ffaeeb4a6d4b95a26fead017d5913
#4 DONE 0.0s

#5 [internal] load build context
#5 transferring context: 11.88MB 1.1s done
#5 DONE 1.2s

#4 [1/3] FROM docker.io/library/nginx:alpine@sha256:db35bfc6b2951e7f8a72db5db120288c127ffaeeb4a6d4b95a26fead017d5913
#4 CACHED

#6 [2/3] COPY build /usr/share/nginx/html
#6 DONE 0.1s

#7 [3/3] COPY nginx.conf /etc/nginx/conf.d/default.conf
#7 DONE 0.1s

#8 exporting to image
#8 exporting layers 0.1s done
#8 writing image sha256:306b9cc7e5f5a8736f518cf46c52ce5d6959b419b570a923df9b65fcfd5293df done
#8 naming to connextregistry.azurecr.io/connext-frontend:stylingfix 0.0s done
#8 DONE 0.1s

View build details: docker-desktop://dashboard/build/desktop-linux/desktop-linux/krofx8itz3v3d1l8sbpf3eon7
