The push refers to repository [connextregistry.azurecr.io/connext-frontend]
9d8baa1d723b: Preparing
1a717a897b20: Preparing
edc23e36f952: Preparing
628c86fdf4c1: Preparing
63c800442e2a: Preparing
31e777702b00: Preparing
e3b86476d58e: Preparing
18ca587a5d44: Preparing
31e777702b00: Waiting
e3b86476d58e: Waiting
1c4d71cf6bfe: Preparing
18ca587a5d44: Waiting
34884abbe928: Preparing
1c4d71cf6bfe: Waiting
34884abbe928: Waiting
edc23e36f952: Layer already exists
628c86fdf4c1: Layer already exists
63c800442e2a: Layer already exists
31e777702b00: Layer already exists
e3b86476d58e: Layer already exists
18ca587a5d44: Layer already exists
34884abbe928: Layer already exists
1c4d71cf6bfe: Layer already exists
9d8baa1d723b: Pushed
1a717a897b20: Pushed
stylingfix: digest: sha256:33b6b58674f69278def68fd5ba3155dd660461fee75369a730e760d763c79474 size: 2407
